[INFO] Scanning for projects...
[INFO] 
[INFO] ------------------------< com.eventora:backend >------------------------
[INFO] Building EVENTORA 0.0.1-SNAPSHOT
[INFO]   from pom.xml
[INFO] --------------------------------[ jar ]---------------------------------
[INFO] 
[INFO] >>> spring-boot:3.2.0:run (default-cli) > test-compile @ backend >>>
[INFO] 
[INFO] --- resources:3.3.1:resources (default-resources) @ backend ---
[INFO] Copying 2 resources from src\main\resources to target\classes
[INFO] Copying 1 resource from src\main\resources to target\classes
[INFO] 
[INFO] --- compiler:3.11.0:compile (default-compile) @ backend ---
[INFO] Nothing to compile - all classes are up to date
[INFO] 
[INFO] --- resources:3.3.1:testResources (default-testResources) @ backend ---
[INFO] skip non existing resourceDirectory C:\Users\Dhanush.G\Downloads\EVENTORA\backend\src\test\resources
[INFO] 
[INFO] --- compiler:3.11.0:testCompile (default-testCompile) @ backend ---
[INFO] Nothing to compile - all classes are up to date
[INFO] 
[INFO] <<< spring-boot:3.2.0:run (default-cli) < test-compile @ backend <<<
[INFO] 
[INFO] 
[INFO] --- spring-boot:3.2.0:run (default-cli) @ backend ---
[INFO] Attaching agents: []

  .   ____          _            __ _ _
 /\\ / ___'_ __ _ _(_)_ __  __ _ \ \ \ \
( ( )\___ | '_ | '_| | '_ \/ _` | \ \ \ \
 \\/  ___)| |_)| | | | | || (_| |  ) ) ) )
  '  |____| .__|_| |_|_| |_\__, | / / / /
 =========|_|==============|___/=/_/_/_/
 :: Spring Boot ::                (v3.2.0)

2026-03-02T20:58:47.625+05:30  INFO 24312 --- [EVENTORA] [           main] com.EVENTORA.EventoraApplication         : Starting EventoraApplication using Java 23.0.2 with PID 24312 (C:\Users\Dhanush.G\Downloads\EVENTORA\backend\target\classes started by Dhanush.G in C:\Users\Dhanush.G\Downloads\EVENTORA\backend)
2026-03-02T20:58:47.633+05:30  INFO 24312 --- [EVENTORA] [           main] com.EVENTORA.EventoraApplication         : No active profile set, falling back to 1 default profile: "default"
2026-03-02T20:58:49.691+05:30  INFO 24312 --- [EVENTORA] [           main] .s.d.r.c.RepositoryConfigurationDelegate : Multiple Spring Data modules found, entering strict repository configuration mode
2026-03-02T20:58:49.693+05:30  INFO 24312 --- [EVENTORA] [           main] .s.d.r.c.RepositoryConfigurationDelegate : Bootstrapping Spring Data JPA repositories in DEFAULT mode.
2026-03-02T20:58:49.948+05:30  INFO 24312 --- [EVENTORA] [           main] .s.d.r.c.RepositoryConfigurationDelegate : Finished Spring Data repository scanning in 247 ms. Found 2 JPA repository interfaces.
2026-03-02T20:58:49.969+05:30  INFO 24312 --- [EVENTORA] [           main] .s.d.r.c.RepositoryConfigurationDelegate : Multiple Spring Data modules found, entering strict repository configuration mode
2026-03-02T20:58:49.969+05:30  INFO 24312 --- [EVENTORA] [           main] .s.d.r.c.RepositoryConfigurationDelegate : Bootstrapping Spring Data Redis repositories in DEFAULT mode.
2026-03-02T20:58:49.994+05:30  INFO 24312 --- [EVENTORA] [           main] .RepositoryConfigurationExtensionSupport : Spring Data Redis - Could not safely identify store assignment for repository candidate interface com.EVENTORA.repository.RefreshTokenRepository; If you want this repository to be a Redis repository, consider annotating your entities with one of these annotations: org.springframework.data.redis.core.RedisHash (preferred), or consider extending one of the following types with your repository: org.springframework.data.keyvalue.repository.KeyValueRepository
2026-03-02T20:58:49.994+05:30  INFO 24312 --- [EVENTORA] [           main] .RepositoryConfigurationExtensionSupport : Spring Data Redis - Could not safely identify store assignment for repository candidate interface com.EVENTORA.repository.UserRepository; If you want this repository to be a Redis repository, consider annotating your entities with one of these annotations: org.springframework.data.redis.core.RedisHash (preferred), or consider extending one of the following types with your repository: org.springframework.data.keyvalue.repository.KeyValueRepository
2026-03-02T20:58:49.994+05:30  INFO 24312 --- [EVENTORA] [           main] .s.d.r.c.RepositoryConfigurationDelegate : Finished Spring Data repository scanning in 10 ms. Found 0 Redis repository interfaces.
2026-03-02T20:58:51.394+05:30  INFO 24312 --- [EVENTORA] [           main] o.s.b.w.embedded.tomcat.TomcatWebServer  : Tomcat initialized with port 8080 (http)
2026-03-02T20:58:51.409+05:30  INFO 24312 --- [EVENTORA] [           main] o.apache.catalina.core.StandardService   : Starting service [Tomcat]
2026-03-02T20:58:51.409+05:30  INFO 24312 --- [EVENTORA] [           main] o.apache.catalina.core.StandardEngine    : Starting Servlet engine: [Apache Tomcat/10.1.16]
2026-03-02T20:58:51.557+05:30  INFO 24312 --- [EVENTORA] [           main] o.a.c.c.C.[Tomcat].[localhost].[/]       : Initializing Spring embedded WebApplicationContext
2026-03-02T20:58:51.558+05:30  INFO 24312 --- [EVENTORA] [           main] w.s.c.ServletWebServerApplicationContext : Root WebApplicationContext: initialization completed in 3820 ms
2026-03-02T20:58:52.040+05:30  INFO 24312 --- [EVENTORA] [           main] com.zaxxer.hikari.HikariDataSource       : HikariPool-1 - Starting...
2026-03-02T20:58:52.260+05:30  INFO 24312 --- [EVENTORA] [           main] com.zaxxer.hikari.pool.HikariPool        : HikariPool-1 - Added connection org.postgresql.jdbc.PgConnection@65f5cae3
2026-03-02T20:58:52.262+05:30  INFO 24312 --- [EVENTORA] [           main] com.zaxxer.hikari.HikariDataSource       : HikariPool-1 - Start completed.
2026-03-02T20:58:52.386+05:30  INFO 24312 --- [EVENTORA] [           main] o.f.c.internal.license.VersionPrinter    : Flyway Community Edition 9.22.3 by Redgate
2026-03-02T20:58:52.386+05:30  INFO 24312 --- [EVENTORA] [           main] o.f.c.internal.license.VersionPrinter    : See release notes here: https://rd.gt/416ObMi
2026-03-02T20:58:52.386+05:30  INFO 24312 --- [EVENTORA] [           main] o.f.c.internal.license.VersionPrinter    : 
2026-03-02T20:58:52.414+05:30  INFO 24312 --- [EVENTORA] [           main] org.flywaydb.core.FlywayExecutor         : Database: jdbc:postgresql://localhost:5432/postgres (PostgreSQL 17.6)
2026-03-02T20:58:52.425+05:30  WARN 24312 --- [EVENTORA] [           main] o.f.c.internal.database.base.Database    : Flyway upgrade recommended: PostgreSQL 17.6 is newer than this version of Flyway and support has not been tested. The latest supported version of PostgreSQL is 15.
2026-03-02T20:58:52.484+05:30  INFO 24312 --- [EVENTORA] [           main] o.f.core.internal.command.DbValidate     : Successfully validated 1 migration (execution time 00:00.043s)
2026-03-02T20:58:52.498+05:30  INFO 24312 --- [EVENTORA] [           main] o.f.core.internal.command.DbMigrate      : Current version of schema "public": 1
2026-03-02T20:58:52.504+05:30  INFO 24312 --- [EVENTORA] [           main] o.f.core.internal.command.DbMigrate      : Schema "public" is up to date. No migration necessary.
2026-03-02T20:58:52.666+05:30  INFO 24312 --- [EVENTORA] [           main] o.hibernate.jpa.internal.util.LogHelper  : HHH000204: Processing PersistenceUnitInfo [name: default]
2026-03-02T20:58:52.766+05:30  INFO 24312 --- [EVENTORA] [           main] org.hibernate.Version                    : HHH000412: Hibernate ORM core version 6.3.1.Final
2026-03-02T20:58:52.827+05:30  INFO 24312 --- [EVENTORA] [           main] o.h.c.internal.RegionFactoryInitiator    : HHH000026: Second-level cache disabled
2026-03-02T20:58:53.236+05:30  INFO 24312 --- [EVENTORA] [           main] o.s.o.j.p.SpringPersistenceUnitInfo      : No LoadTimeWeaver setup: ignoring JPA class transformer
2026-03-02T20:58:53.311+05:30  WARN 24312 --- [EVENTORA] [           main] org.hibernate.orm.deprecation            : HHH90000025: PostgreSQLDialect does not need to be specified explicitly using 'hibernate.dialect' (remove the property setting and it will be selected by default)
2026-03-02T20:58:54.808+05:30  INFO 24312 --- [EVENTORA] [           main] o.h.e.t.j.p.i.JtaPlatformInitiator       : HHH000489: No JTA platform available (set 'hibernate.transaction.jta.platform' to enable JTA platform integration)
2026-03-02T20:58:54.897+05:30  INFO 24312 --- [EVENTORA] [           main] j.LocalContainerEntityManagerFactoryBean : Initialized JPA EntityManagerFactory for persistence unit 'default'
2026-03-02T20:58:55.532+05:30  WARN 24312 --- [EVENTORA] [           main] ConfigServletWebServerApplicationContext : Exception encountered during context initialization - cancelling refresh attempt: org.springframework.beans.factory.UnsatisfiedDependencyException: Error creating bean with name 'authController' defined in file [C:\Users\Dhanush.G\Downloads\EVENTORA\backend\target\classes\com\EVENTORA\controller\AuthController.class]: Unsatisfied dependency expressed through constructor parameter 0: Error creating bean with name 'securityConfig' defined in file [C:\Users\Dhanush.G\Downloads\EVENTORA\backend\target\classes\com\EVENTORA\security\SecurityConfig.class]: Unsatisfied dependency expressed through constructor parameter 0: Error creating bean with name 'OAuthSuccessHandler' defined in file [C:\Users\Dhanush.G\Downloads\EVENTORA\backend\target\classes\com\EVENTORA\security\OAuthSuccessHandler.class]: Unsatisfied dependency expressed through constructor parameter 1: Error creating bean with name 'userService' defined in file [C:\Users\Dhanush.G\Downloads\EVENTORA\backend\target\classes\com\EVENTORA\service\UserService.class]: Unsatisfied dependency expressed through constructor parameter 1: Error creating bean with name 'securityConfig': Requested bean is currently in creation: Is there an unresolvable circular reference?
2026-03-02T20:58:55.532+05:30  INFO 24312 --- [EVENTORA] [           main] j.LocalContainerEntityManagerFactoryBean : Closing JPA EntityManagerFactory for persistence unit 'default'
2026-03-02T20:58:55.536+05:30  INFO 24312 --- [EVENTORA] [           main] com.zaxxer.hikari.HikariDataSource       : HikariPool-1 - Shutdown initiated...
2026-03-02T20:58:55.550+05:30  INFO 24312 --- [EVENTORA] [           main] com.zaxxer.hikari.HikariDataSource       : HikariPool-1 - Shutdown completed.
2026-03-02T20:58:55.552+05:30  INFO 24312 --- [EVENTORA] [           main] o.apache.catalina.core.StandardService   : Stopping service [Tomcat]
2026-03-02T20:58:55.583+05:30  INFO 24312 --- [EVENTORA] [           main] .s.b.a.l.ConditionEvaluationReportLogger : 

Error starting ApplicationContext. To display the condition evaluation report re-run your application with 'debug' enabled.
2026-03-02T20:58:55.619+05:30 ERROR 24312 --- [EVENTORA] [           main] o.s.b.d.LoggingFailureAnalysisReporter   : 

***************************
APPLICATION FAILED TO START
***************************

Description:

The dependencies of some of the beans in the application context form a cycle:

   authController defined in file [C:\Users\Dhanush.G\Downloads\EVENTORA\backend\target\classes\com\EVENTORA\controller\AuthController.class]
ΓöîΓöÇΓöÇΓöÇΓöÇΓöÇΓöÉ
|  securityConfig defined in file [C:\Users\Dhanush.G\Downloads\EVENTORA\backend\target\classes\com\EVENTORA\security\SecurityConfig.class]
Γåæ     Γåô
|  OAuthSuccessHandler defined in file [C:\Users\Dhanush.G\Downloads\EVENTORA\backend\target\classes\com\EVENTORA\security\OAuthSuccessHandler.class]
Γåæ     Γåô
|  userService defined in file [C:\Users\Dhanush.G\Downloads\EVENTORA\backend\target\classes\com\EVENTORA\service\UserService.class]
ΓööΓöÇΓöÇΓöÇΓöÇΓöÇΓöÿ


Action:

Relying upon circular references is discouraged and they are prohibited by default. Update your application to remove the dependency cycle between beans. As a last resort, it may be possible to break the cycle automatically by setting spring.main.allow-circular-references to true.

[INFO] ------------------------------------------------------------------------
[INFO] BUILD FAILURE
[INFO] ------------------------------------------------------------------------
[INFO] Total time:  12.785 s
[INFO] Finished at: 2026-03-02T20:58:55+05:30
[INFO] ------------------------------------------------------------------------
[ERROR] Failed to execute goal org.springframework.boot:spring-boot-maven-plugin:3.2.0:run (default-cli) on project backend: Process terminated with exit code: 1 -> [Help 1]
[ERROR] 
[ERROR] To see the full stack trace of the errors, re-run Maven with the -e switch.
[ERROR] Re-run Maven using the -X switch to enable full debug logging.
[ERROR] 
[ERROR] For more information about the errors and possible solutions, please read the following articles:
[ERROR] [Help 1] http://cwiki.apache.org/confluence/display/MAVEN/MojoExecutionException
